Copyright 1986-2017 Xilinx, Inc. All Rights Reserved.
------------------------------------------------------------------------------------
| Tool Version : Vivado v.2017.2 (win64) Build 1909853 Thu Jun 15 18:39:09 MDT 2017
| Date         : Sun Dec 17 15:06:15 2017
| Host         : MertPC running 64-bit major release  (build 9200)
| Command      : report_control_sets -verbose -file game_control_sets_placed.rpt
| Design       : game
| Device       : xc7a35t
------------------------------------------------------------------------------------

Control Set Information

Table of Contents
-----------------
1. Summary
2. Flip-Flop Distribution
3. Detailed Control Set Information

1. Summary
----------

+----------------------------------------------------------+-------+
|                          Status                          | Count |
+----------------------------------------------------------+-------+
| Number of unique control sets                            |    12 |
| Unused register locations in slices containing registers |    41 |
+----------------------------------------------------------+-------+


2. Flip-Flop Distribution
-------------------------

+--------------+-----------------------+------------------------+-----------------+--------------+
| Clock Enable | Synchronous Set/Reset | Asynchronous Set/Reset | Total Registers | Total Slices |
+--------------+-----------------------+------------------------+-----------------+--------------+
| No           | No                    | No                     |              61 |           26 |
| No           | No                    | Yes                    |               0 |            0 |
| No           | Yes                   | No                     |              99 |           28 |
| Yes          | No                    | No                     |              17 |            8 |
| Yes          | No                    | Yes                    |               0 |            0 |
| Yes          | Yes                   | No                     |              38 |            9 |
+--------------+-----------------------+------------------------+-----------------+--------------+


3. Detailed Control Set Information
-----------------------------------

+----------------+--------------------------------------+----------------------------------------+------------------+----------------+
|  Clock Signal  |             Enable Signal            |            Set/Reset Signal            | Slice Load Count | Bel Load Count |
+----------------+--------------------------------------+----------------------------------------+------------------+----------------+
|  clk_IBUF_BUFG | keypad/FSM_onehot_row[4]_i_1_n_0     |                                        |                3 |              4 |
|  clk_IBUF_BUFG | initiateNextDelayer/score_reg[3][0]  | posedgeOfStart/SR[0]                   |                1 |              4 |
|  clk_IBUF_BUFG | motorControl/rotation_duration_saved |                                        |                1 |              4 |
|  clk_IBUF_BUFG | keypad/count_deb                     | keypad/count_deb[5]_i_1_n_0            |                1 |              6 |
|  clk_IBUF_BUFG | initiateNextDelayer/E[0]             | posedgeOfStart/SR[0]                   |                2 |              8 |
|  clk_IBUF_BUFG | keypad/clk_en2                       |                                        |                4 |              9 |
|  clk_IBUF_BUFG |                                      | posedgeOfStart/SR[0]                   |                5 |             16 |
|  clk_IBUF_BUFG | motorControl/stepmotor_inst0/sel     | motorControl/stepmotor_inst0/clear     |                5 |             20 |
|  clk_IBUF_BUFG |                                      | motorIdleModule/didChange__0           |                8 |             27 |
|  clk_IBUF_BUFG |                                      | initiateNextDelayer/counter[0]_i_1_n_0 |                7 |             27 |
|  clk_IBUF_BUFG |                                      | motorControl/count[28]_i_1_n_0         |                8 |             29 |
|  clk_IBUF_BUFG |                                      |                                        |               26 |             61 |
+----------------+--------------------------------------+----------------------------------------+------------------+----------------+


+--------+-----------------------+
| Fanout | Number of ControlSets |
+--------+-----------------------+
| 4      |                     3 |
| 6      |                     1 |
| 8      |                     1 |
| 9      |                     1 |
| 16+    |                     6 |
+--------+-----------------------+


